
Discarded input sections

 .bss           0x0000000000000000        0x0 build/framebuffer.o
 .ARM.attributes
                0x0000000000000000       0x14 build/framebuffer.o
 .bss           0x0000000000000000        0x0 build/mailbos.o
 .ARM.attributes
                0x0000000000000000       0x14 build/mailbos.o
 .bss           0x0000000000000000        0x0 build/systemTimer.o
 .ARM.attributes
                0x0000000000000000       0x14 build/systemTimer.o
 .bss           0x0000000000000000        0x0 build/gpio.o
 .ARM.attributes
                0x0000000000000000       0x14 build/gpio.o
 .bss           0x0000000000000000        0x0 build/main.o
 .ARM.attributes
                0x0000000000000000       0x14 build/main.o

Memory Configuration

Name             Origin             Length             Attributes
*default*        0x0000000000000000 0xffffffffffffffff

Linker script and memory map

LOAD build/framebuffer.o
LOAD build/mailbos.o
LOAD build/systemTimer.o
LOAD build/gpio.o
LOAD build/main.o

.init           0x0000000000008000        0x4
 *(.init)
 .init          0x0000000000008000        0x4 build/main.o
                0x0000000000008000                _start

.text           0x0000000000008004      0x2f4
 *(.text)
 .text          0x0000000000008004       0x68 build/framebuffer.o
                0x0000000000008004                frameBufferInit
 .text          0x000000000000806c       0x70 build/mailbos.o
                0x000000000000806c                getMailBoxBaseAddress
                0x0000000000008074                mailboxWrite
                0x00000000000080a0                mailboxRead
 .text          0x00000000000080dc       0x40 build/systemTimer.o
                0x00000000000080dc                GetTimerBase
                0x00000000000080e4                GetTimeStamp
                0x00000000000080f4                Micros
 .text          0x000000000000811c       0x80 build/gpio.o
                0x000000000000811c                GetGpioAddress
                0x0000000000008124                SetGpioFunction
                0x000000000000815c                SetGpio
 .text          0x000000000000819c      0x15c build/main.o

.data           0x0000000000009000       0x28
 *(.data)
 .data          0x0000000000009000       0x28 build/framebuffer.o
                0x0000000000009000                frameBufferData
 .data          0x0000000000009028        0x0 build/mailbos.o
 .data          0x0000000000009028        0x0 build/systemTimer.o
 .data          0x0000000000009028        0x0 build/gpio.o
 .data          0x0000000000009028        0x0 build/main.o

/DISCARD/
 *(*)
OUTPUT(build/output.elf elf32-littlearm)
