Archive member included to satisfy reference by file (symbol)

../libraries//libcsud.a(device.keyboard.c.o)
                              build/keyboard.o (KeyboardGetAddress)
../libraries//libcsud.a(platform.c.o)
                              ../libraries//libcsud.a(device.keyboard.c.o) (MemoryAllocate)
../libraries//libcsud.a(usbd.c.o)
                              build/main.o (UsbInitialise)
../libraries//libcsud.a(device.hid.c.o)
                              ../libraries//libcsud.a(device.keyboard.c.o) (HidReadDevice)
../libraries//libcsud.a(device.hub.c.o)
                              ../libraries//libcsud.a(usbd.c.o) (HubPortReset)
../libraries//libcsud.a(hcd.designware20.c.o)
                              ../libraries//libcsud.a(usbd.c.o) (HcdSumbitControlMessage)
../libraries//libcsud.a(hcd.designware20.roothub.c.o)
                              ../libraries//libcsud.a(hcd.designware20.c.o) (HcdProcessRootHubMessage)
../libraries//libcsud.a(platform.armv6.c.o)
                              ../libraries//libcsud.a(hcd.designware20.c.o) (__aeabi_uidiv)
../libraries//libcsud.a(platform.broadcom2835.c.o)
                              ../libraries//libcsud.a(usbd.c.o) (MicroDelay)

Allocating common symbols
Common symbol       size              file

CorePhysical        0x4               ../libraries//libcsud.a(hcd.designware20.c.o)
DeviceNumbers       0x4               ../libraries//libcsud.a(usbd.c.o)
HostPhysical        0x4               ../libraries//libcsud.a(hcd.designware20.c.o)
keyboards           0x10              ../libraries//libcsud.a(device.keyboard.c.o)
PowerPhysical       0x4               ../libraries//libcsud.a(hcd.designware20.c.o)
Heap                0x4000            ../libraries//libcsud.a(platform.c.o)
Allocations         0xc00             ../libraries//libcsud.a(platform.c.o)

Discarded input sections

 .bss           0x0000000000000000        0x0 build/mailbox.o
 .ARM.attributes
                0x0000000000000000       0x14 build/mailbox.o
 .bss           0x0000000000000000        0x0 build/framebuffer.o
 .ARM.attributes
                0x0000000000000000       0x14 build/framebuffer.o
 .bss           0x0000000000000000        0x0 build/systemTimer.o
 .ARM.attributes
                0x0000000000000000       0x14 build/systemTimer.o
 .bss           0x0000000000000000        0x0 build/drawing.o
 .ARM.attributes
                0x0000000000000000       0x14 build/drawing.o
 .bss           0x0000000000000000        0x0 build/tag.o
 .ARM.attributes
                0x0000000000000000       0x14 build/tag.o
 .bss           0x0000000000000000        0x0 build/gpio.o
 .ARM.attributes
                0x0000000000000000       0x14 build/gpio.o
 .bss           0x0000000000000000        0x0 build/keyboard.o
 .ARM.attributes
                0x0000000000000000       0x14 build/keyboard.o
 .bss           0x0000000000000000        0x0 build/main.o
 .ARM.attributes
                0x0000000000000000       0x14 build/main.o

Memory Configuration

Name             Origin             Length             Attributes
*default*        0x0000000000000000 0xffffffffffffffff

Linker script and memory map

LOAD build/mailbox.o
LOAD build/framebuffer.o
LOAD build/systemTimer.o
LOAD build/drawing.o
LOAD build/tag.o
LOAD build/gpio.o
LOAD build/keyboard.o
LOAD build/main.o
LOAD ../libraries//libcsud.a

.init           0x0000000000008000        0x4
 *(.init)
 .init          0x0000000000008000        0x4 build/main.o
                0x0000000000008000                _start

.data           0x0000000000008010     0xc8d2
 *(.data)
 .data          0x0000000000008010        0x0 build/mailbox.o
 .data          0x0000000000008010       0x28 build/framebuffer.o
                0x0000000000008010                frameBufferData
 .data          0x0000000000008038        0x0 build/systemTimer.o
 *fill*         0x0000000000008038        0x8 
 .data          0x0000000000008040      0x810 build/drawing.o
 .data          0x0000000000008850       0x24 build/tag.o
 .data          0x0000000000008874        0x0 build/gpio.o
 *fill*         0x0000000000008874        0x4 
 .data          0x0000000000008878       0xe0 build/keyboard.o
 .data          0x0000000000008958        0x8 build/main.o
 .data          0x0000000000008960        0x0 ../libraries//libcsud.a(device.keyboard.c.o)
 .data          0x0000000000008960        0x4 ../libraries//libcsud.a(platform.c.o)
                0x0000000000008960                FirstAllocation
 .data          0x0000000000008964        0x0 ../libraries//libcsud.a(usbd.c.o)
 .data          0x0000000000008964        0x0 ../libraries//libcsud.a(device.hid.c.o)
 .data          0x0000000000008964        0x0 ../libraries//libcsud.a(device.hub.c.o)
 .data          0x0000000000008964        0x0 ../libraries//libcsud.a(hcd.designware20.c.o)
 .data          0x0000000000008964       0x64 ../libraries//libcsud.a(hcd.designware20.roothub.c.o)
                0x0000000000008964                DeviceDescriptor
                0x0000000000008978                ConfigurationDescriptor
                0x0000000000008994                String0
                0x0000000000008998                String1
                0x00000000000089bc                HubDescriptor
 .data          0x00000000000089c8        0x0 ../libraries//libcsud.a(platform.armv6.c.o)
 .data          0x00000000000089c8        0x0 ../libraries//libcsud.a(platform.broadcom2835.c.o)
 *.c.o(*)
 .text          0x00000000000089c8     0x1000 ../libraries//libcsud.a(device.keyboard.c.o)
                0x00000000000089c8                KeyboardDetached
                0x0000000000008a44                KeyboardDeallocate
                0x0000000000008abc                KeyboardIndex
                0x0000000000008b14                KeyboardGetAddress
                0x0000000000008b5c                KeyboardScan
                0x0000000000009228                KeyboardCount
                0x0000000000009238                KeyboardSetLeds
                0x0000000000009454                KeyboardGetLedSupport
                0x00000000000094a0                KeyboardPoll
                0x00000000000097e4                KeyboardGetModifiers
                0x0000000000009830                KeyboardGetKeyDownCount
                0x0000000000009894                KeyboadGetKeyIsDown
                0x000000000000994c                KeyboardGetKeyDown
 .bss           0x00000000000099c8       0x14 ../libraries//libcsud.a(device.keyboard.c.o)
                0x00000000000099c8                keyboardAddresses
                0x00000000000099d8                keyboardCount
 .comment       0x00000000000099dc       0x11 ../libraries//libcsud.a(device.keyboard.c.o)
                                         0x12 (size before relaxing)
 .ARM.attributes
                0x00000000000099ed       0x32 ../libraries//libcsud.a(device.keyboard.c.o)
 *fill*         0x0000000000009a1f        0x1 
 COMMON         0x0000000000009a20       0x10 ../libraries//libcsud.a(device.keyboard.c.o)
                0x0000000000009a20                keyboards
 .text          0x0000000000009a30      0x5c0 ../libraries//libcsud.a(platform.c.o)
                0x0000000000009a30                MemoryReserve
                0x0000000000009a38                MemoryAllocate
                0x0000000000009e88                MemoryDeallocate
                0x0000000000009fa0                MemoryCopy
 .bss           0x0000000000009ff0        0x8 ../libraries//libcsud.a(platform.c.o)
                0x0000000000009ff0                FirstFreeAllocation
                0x0000000000009ff4                allocated
 .comment       0x0000000000009ff8       0x12 ../libraries//libcsud.a(platform.c.o)
 .ARM.attributes
                0x0000000000009ff8       0x32 ../libraries//libcsud.a(platform.c.o)
 *fill*         0x000000000000a02a        0x6 
 COMMON         0x000000000000a030     0x4c00 ../libraries//libcsud.a(platform.c.o)
                0x000000000000a030                Heap
                0x000000000000e030                Allocations
 .text          0x000000000000ec30     0x10e8 ../libraries//libcsud.a(usbd.c.o)
                0x000000000000ec30                UsbGetRootHub
                0x000000000000ec40                UsbPrintDeviceTree
                0x000000000000ed0c                UsbControlMessage
                0x000000000000ee04                UsbGetDescriptor
                0x000000000000eef0                UsbGetString
                0x000000000000ef5c                UsbReadStringLang
                0x000000000000efe0                UsbReadString
                0x000000000000f0e0                UsbReadDeviceDescriptor
                0x000000000000f220                UsbSetAddress
                0x000000000000f300                UsbSetConfiguration
                0x000000000000f3d4                UsbConfigure
                0x000000000000f5a4                UsbGetDescription
                0x000000000000f854                UsbScanDevice
                0x000000000000fa7c                UsbAllocateDevice
                0x000000000000fb38                UsbDeallocateDevice
                0x000000000000fc50                UsbScanRootHub
                0x000000000000fca0                UsbInitialise
                0x000000000000fcfc                UsbCheckForChange
 .bss           0x000000000000fd18        0x4 ../libraries//libcsud.a(usbd.c.o)
                0x000000000000fd18                RootHub
 .rodata        0x000000000000fd1c      0x248 ../libraries//libcsud.a(usbd.c.o)
 .rodata.str1.4
                0x000000000000ff64       0x10 ../libraries//libcsud.a(usbd.c.o)
 .comment       0x000000000000ff74       0x12 ../libraries//libcsud.a(usbd.c.o)
 .ARM.attributes
                0x000000000000ff74       0x32 ../libraries//libcsud.a(usbd.c.o)
 *fill*         0x000000000000ffa6        0x2 
 COMMON         0x000000000000ffa8        0x4 ../libraries//libcsud.a(usbd.c.o)
                0x000000000000ffa8                DeviceNumbers
 .text          0x000000000000ffac     0x1b24 ../libraries//libcsud.a(device.hid.c.o)
                0x000000000000ffac                HidEnumerateActionCountField
                0x00000000000100d4                HidDetached
                0x0000000000010110                HidEnumerateActionAddField
                0x0000000000010918                HidDeallocate
                0x0000000000010a6c                HidEnumerateActionCountReport
                0x0000000000010b24                HidGetReport
                0x0000000000010be0                HidSetReport
                0x0000000000010c90                BitSet
                0x0000000000010dbc                BitGetUnsigned
                0x0000000000010ec4                BitGetSigned
                0x0000000000010ef0                HidReadDevice
                0x00000000000110ec                HidWriteDevice
                0x0000000000011298                HidSetProtocol
                0x0000000000011348                HidEnumerateReport
                0x00000000000114a0                HidParseReportDescriptor
                0x00000000000117d0                HidScan
                0x0000000000011ac0                HidGetFieldValue
 .bss           0x0000000000011ad0        0x0 ../libraries//libcsud.a(device.hid.c.o)
 .comment       0x0000000000011ad0       0x12 ../libraries//libcsud.a(device.hid.c.o)
 .ARM.attributes
                0x0000000000011ad0       0x32 ../libraries//libcsud.a(device.hid.c.o)
 *fill*         0x0000000000011b02        0x2 
 .text          0x0000000000011b04      0xd34 ../libraries//libcsud.a(device.hub.c.o)
                0x0000000000011b04                HubDetached
                0x0000000000011ba4                HubDeallocate
                0x0000000000011c80                HubReadDescriptor
                0x0000000000011d78                HubGetStatus
                0x0000000000011e50                HubPortGetStatus
                0x0000000000011f30                HubChangeFeature
                0x0000000000011fe4                HubChangePortFeature
                0x00000000000120a0                HubPowerOn
                0x0000000000012148                HubPortReset
                0x000000000001221c                HubPortConnectionChanged
                0x0000000000012424                HubCheckConnection
                0x0000000000012558                HubRecursiveCheck
                0x0000000000012620                HubScan
 .bss           0x0000000000012838        0x0 ../libraries//libcsud.a(device.hub.c.o)
 .comment       0x0000000000012838       0x12 ../libraries//libcsud.a(device.hub.c.o)
 .ARM.attributes
                0x0000000000012838       0x32 ../libraries//libcsud.a(device.hub.c.o)
 *fill*         0x000000000001286a        0x2 
 .text          0x000000000001286c     0x160c ../libraries//libcsud.a(hcd.designware20.c.o)
                0x000000000001286c                WriteThroughRegMask
                0x0000000000012900                WriteThroughReg
                0x0000000000012908                ReadBackReg
                0x00000000000129ac                ClearReg
                0x0000000000012a14                SetReg
                0x0000000000012ab0                HcdReset
                0x0000000000012b60                HcdTransmitFifoFlush
                0x0000000000012bf4                HcdReceiveFifoFlush
                0x0000000000012c6c                HcdPrepareChannel
                0x0000000000012f84                HcdTransmitChannel
                0x0000000000013030                HcdChannelInterruptToError
                0x000000000001310c                HcdChannelSendWaitOne
                0x00000000000133c8                HcdChannelSendWait
                0x00000000000134e0                HcdSumbitControlMessage
                0x0000000000013728                HcdInitialise
                0x00000000000138bc                HcdStart
                0x0000000000013e18                HcdStop
                0x0000000000013e3c                HcdDeinitialise
 .bss           0x0000000000013e78       0x14 ../libraries//libcsud.a(hcd.designware20.c.o)
                0x0000000000013e78                Core
                0x0000000000013e7c                Host
                0x0000000000013e80                Power
                0x0000000000013e84                databuffer
                0x0000000000013e88                PhyInitialised
 .comment       0x0000000000013e8c       0x12 ../libraries//libcsud.a(hcd.designware20.c.o)
 .ARM.attributes
                0x0000000000013e8c       0x32 ../libraries//libcsud.a(hcd.designware20.c.o)
 *fill*         0x0000000000013ebe        0x2 
 COMMON         0x0000000000013ec0        0xc ../libraries//libcsud.a(hcd.designware20.c.o)
                0x0000000000013ec0                CorePhysical
                0x0000000000013ec4                HostPhysical
                0x0000000000013ec8                PowerPhysical
 .text          0x0000000000013ecc      0x6f0 ../libraries//libcsud.a(hcd.designware20.roothub.c.o)
                0x0000000000013ecc                HcdProcessRootHubMessage
 .bss           0x00000000000145bc        0x4 ../libraries//libcsud.a(hcd.designware20.roothub.c.o)
                0x00000000000145bc                RootHubDeviceNumber
 .comment       0x00000000000145c0       0x12 ../libraries//libcsud.a(hcd.designware20.roothub.c.o)
 .ARM.attributes
                0x00000000000145c0       0x32 ../libraries//libcsud.a(hcd.designware20.roothub.c.o)
 *fill*         0x00000000000145f2        0x2 
 .text          0x00000000000145f4      0x16c ../libraries//libcsud.a(platform.armv6.c.o)
                0x00000000000145f4                __aeabi_uidivmod
                0x0000000000014728                __aeabi_uidiv
 .bss           0x0000000000014760        0x0 ../libraries//libcsud.a(platform.armv6.c.o)
 .comment       0x0000000000014760       0x12 ../libraries//libcsud.a(platform.armv6.c.o)
 .ARM.attributes
                0x0000000000014760       0x32 ../libraries//libcsud.a(platform.armv6.c.o)
 *fill*         0x0000000000014792        0x2 
 .text          0x0000000000014794      0x11c ../libraries//libcsud.a(platform.broadcom2835.c.o)
                0x0000000000014794                MicroDelay
                0x0000000000014804                PowerOnUsb
 .bss           0x00000000000148b0        0x0 ../libraries//libcsud.a(platform.broadcom2835.c.o)
 .comment       0x00000000000148b0       0x12 ../libraries//libcsud.a(platform.broadcom2835.c.o)
 .ARM.attributes
                0x00000000000148b0       0x32 ../libraries//libcsud.a(platform.broadcom2835.c.o)

.text           0x00000000000148e4      0x81c
 *.c.o(.text)
 *(.text)
 .text          0x00000000000148e4       0x70 build/mailbox.o
                0x00000000000148e4                getMailBoxBaseAddress
                0x00000000000148ec                mailboxWrite
                0x0000000000014918                mailboxRead
 .text          0x0000000000014954       0x6c build/framebuffer.o
                0x0000000000014954                frameBufferInit
 .text          0x00000000000149c0       0x40 build/systemTimer.o
                0x00000000000149c0                GetTimerBase
                0x00000000000149c8                GetTimeStamp
                0x00000000000149d8                delayMicro
 .text          0x0000000000014a00      0x448 build/drawing.o
                0x0000000000014a00                setGraphicsAddress
                0x0000000000014a0c                setForeColour
                0x0000000000014a20                drawPixel
                0x0000000000014a64                drawLine
                0x0000000000014ae0                drawCharacter
                0x0000000000014b54                printString
                0x0000000000014bcc                drawCircle
                0x0000000000014ce4                drawRectangle
                0x0000000000014d50                drawFilledCircle
 .text          0x0000000000014e48       0x70 build/tag.o
                0x0000000000014e48                FindTag
 .text          0x0000000000014eb8       0x80 build/gpio.o
                0x0000000000014eb8                GetGpioAddress
                0x0000000000014ec0                SetGpioFunction
                0x0000000000014ef8                SetGpio
 .text          0x0000000000014f38      0x138 build/keyboard.o
                0x0000000000014f38                keyboardInit
                0x0000000000014fb0                KeyWasDown
                0x0000000000014fe0                KeyboardGetChar
 .text          0x0000000000015070       0x90 build/main.o

/DISCARD/
 *(*)
OUTPUT(build/output.elf elf32-littlearm)
