
Discarded input sections

 .bss           0x0000000000000000        0x0 build/mailbox.o
 .ARM.attributes
                0x0000000000000000       0x14 build/mailbox.o
 .bss           0x0000000000000000        0x0 build/framebuffer.o
 .ARM.attributes
                0x0000000000000000       0x14 build/framebuffer.o
 .bss           0x0000000000000000        0x0 build/systemTimer.o
 .ARM.attributes
                0x0000000000000000       0x14 build/systemTimer.o
 .bss           0x0000000000000000        0x0 build/drawing.o
 .ARM.attributes
                0x0000000000000000       0x14 build/drawing.o
 .bss           0x0000000000000000        0x0 build/math.o
 .ARM.attributes
                0x0000000000000000       0x14 build/math.o
 .bss           0x0000000000000000        0x0 build/tag.o
 .ARM.attributes
                0x0000000000000000       0x14 build/tag.o
 .bss           0x0000000000000000        0x0 build/gpio.o
 .ARM.attributes
                0x0000000000000000       0x14 build/gpio.o
 .bss           0x0000000000000000        0x0 build/main.o
 .ARM.attributes
                0x0000000000000000       0x14 build/main.o

Memory Configuration

Name             Origin             Length             Attributes
*default*        0x0000000000000000 0xffffffffffffffff

Linker script and memory map

LOAD build/mailbox.o
LOAD build/framebuffer.o
LOAD build/systemTimer.o
LOAD build/drawing.o
LOAD build/math.o
LOAD build/tag.o
LOAD build/gpio.o
LOAD build/main.o

.init           0x0000000000008000        0x4
 *(.init)
 .init          0x0000000000008000        0x4 build/main.o
                0x0000000000008000                _start

.text           0x0000000000008004      0x46c
 *(.text)
 .text          0x0000000000008004       0x70 build/mailbox.o
                0x0000000000008004                getMailBoxBaseAddress
                0x000000000000800c                mailboxWrite
                0x0000000000008038                mailboxRead
 .text          0x0000000000008074       0x6c build/framebuffer.o
                0x0000000000008074                frameBufferInit
 .text          0x00000000000080e0       0x40 build/systemTimer.o
                0x00000000000080e0                GetTimerBase
                0x00000000000080e8                GetTimeStamp
                0x00000000000080f8                delayMicro
 .text          0x0000000000008120      0x1dc build/drawing.o
                0x0000000000008120                setGraphicsAddress
                0x000000000000812c                setForeColour
                0x0000000000008140                drawPixel
                0x0000000000008184                drawLine
                0x0000000000008200                drawCharacter
                0x0000000000008274                printString
 .text          0x00000000000082fc        0x0 build/math.o
 .text          0x00000000000082fc       0x70 build/tag.o
                0x00000000000082fc                FindTag
 .text          0x000000000000836c       0x80 build/gpio.o
                0x000000000000836c                GetGpioAddress
                0x0000000000008374                SetGpioFunction
                0x00000000000083ac                SetGpio
 .text          0x00000000000083ec       0x84 build/main.o

.data           0x0000000000008470      0x86f
 *(.data)
 .data          0x0000000000008470        0x0 build/mailbox.o
 .data          0x0000000000008470       0x28 build/framebuffer.o
                0x0000000000008470                frameBufferData
 .data          0x0000000000008498        0x0 build/systemTimer.o
 *fill*         0x0000000000008498        0x8 
 .data          0x00000000000084a0      0x810 build/drawing.o
 .data          0x0000000000008cb0        0x0 build/math.o
 .data          0x0000000000008cb0       0x24 build/tag.o
 .data          0x0000000000008cd4        0x0 build/gpio.o
 .data          0x0000000000008cd4        0xb build/main.o

/DISCARD/
 *(*)
OUTPUT(build/output.elf elf32-littlearm)
