Archive member included to satisfy reference by file (symbol)

../libraries//libcsud.a(device.keyboard.c.o)
                              build/keyboard.o (KeyboardGetAddress)
../libraries//libcsud.a(platform.c.o)
                              ../libraries//libcsud.a(device.keyboard.c.o) (MemoryAllocate)
../libraries//libcsud.a(usbd.c.o)
                              build/keyboard.o (UsbCheckForChange)
../libraries//libcsud.a(device.hid.c.o)
                              ../libraries//libcsud.a(device.keyboard.c.o) (HidReadDevice)
../libraries//libcsud.a(device.hub.c.o)
                              ../libraries//libcsud.a(usbd.c.o) (HubPortReset)
../libraries//libcsud.a(hcd.designware20.c.o)
                              ../libraries//libcsud.a(usbd.c.o) (HcdSumbitControlMessage)
../libraries//libcsud.a(hcd.designware20.roothub.c.o)
                              ../libraries//libcsud.a(hcd.designware20.c.o) (HcdProcessRootHubMessage)
../libraries//libcsud.a(platform.armv6.c.o)
                              ../libraries//libcsud.a(hcd.designware20.c.o) (__aeabi_uidiv)
../libraries//libcsud.a(platform.broadcom2835.c.o)
                              ../libraries//libcsud.a(usbd.c.o) (MicroDelay)

Allocating common symbols
Common symbol       size              file

CorePhysical        0x4               ../libraries//libcsud.a(hcd.designware20.c.o)
DeviceNumbers       0x4               ../libraries//libcsud.a(usbd.c.o)
HostPhysical        0x4               ../libraries//libcsud.a(hcd.designware20.c.o)
keyboards           0x10              ../libraries//libcsud.a(device.keyboard.c.o)
PowerPhysical       0x4               ../libraries//libcsud.a(hcd.designware20.c.o)
Heap                0x4000            ../libraries//libcsud.a(platform.c.o)
Allocations         0xc00             ../libraries//libcsud.a(platform.c.o)

Discarded input sections

 .bss           0x0000000000000000        0x0 build/mailbox.o
 .ARM.attributes
                0x0000000000000000       0x1f build/mailbox.o
 .bss           0x0000000000000000        0x0 build/framebuffer.o
 .ARM.attributes
                0x0000000000000000       0x1f build/framebuffer.o
 .bss           0x0000000000000000        0x0 build/systemTimer.o
 .ARM.attributes
                0x0000000000000000       0x1f build/systemTimer.o
 .bss           0x0000000000000000        0x0 build/drawing.o
 .ARM.attributes
                0x0000000000000000       0x1f build/drawing.o
 .bss           0x0000000000000000        0x0 build/tag.o
 .ARM.attributes
                0x0000000000000000       0x1f build/tag.o
 .bss           0x0000000000000000        0x0 build/gpio.o
 .ARM.attributes
                0x0000000000000000       0x1f build/gpio.o
 .bss           0x0000000000000000        0x0 build/cStartup.o
 .text.startup  0x0000000000000000       0xf0 build/cStartup.o
 .ARM.attributes
                0x0000000000000000       0x1f build/cStartup.o
 .bss           0x0000000000000000        0x0 build/keyboard.o
 .ARM.attributes
                0x0000000000000000       0x1f build/keyboard.o
 .bss           0x0000000000000000        0x0 build/main.o
 .ARM.attributes
                0x0000000000000000       0x12 build/main.o

Memory Configuration

Name             Origin             Length             Attributes
*default*        0x0000000000000000 0xffffffffffffffff

Linker script and memory map

LOAD build/mailbox.o
LOAD build/framebuffer.o
LOAD build/systemTimer.o
LOAD build/drawing.o
LOAD build/tag.o
LOAD build/gpio.o
LOAD build/cStartup.o
LOAD build/keyboard.o
LOAD build/main.o
LOAD ../libraries//libcsud.a

.init           0x0000000000008000        0x0
 *(.init)
 .init          0x0000000000008000        0x0 build/main.o

.data           0x0000000000000000     0xc8ca
 *(.data)
 .data          0x0000000000000000        0x0 build/mailbox.o
 .data          0x0000000000000000       0x28 build/framebuffer.o
                0x0000000000000000                frameBufferData
 .data          0x0000000000000028        0x0 build/systemTimer.o
 *fill*         0x0000000000000028        0x8 
 .data          0x0000000000000030      0x810 build/drawing.o
 .data          0x0000000000000840       0x24 build/tag.o
 .data          0x0000000000000864        0x0 build/gpio.o
 .data          0x0000000000000864        0x0 build/cStartup.o
 *fill*         0x0000000000000864        0x4 
 .data          0x0000000000000868       0xe0 build/keyboard.o
                0x0000000000000868                keyboardAddress
                0x000000000000086c                keyboardOldDown
 .data          0x0000000000000948        0x0 build/main.o
 .data          0x0000000000000948        0x0 ../libraries//libcsud.a(device.keyboard.c.o)
 .data          0x0000000000000948        0x4 ../libraries//libcsud.a(platform.c.o)
                0x0000000000000948                FirstAllocation
 .data          0x000000000000094c        0x0 ../libraries//libcsud.a(usbd.c.o)
 .data          0x000000000000094c        0x0 ../libraries//libcsud.a(device.hid.c.o)
 .data          0x000000000000094c        0x0 ../libraries//libcsud.a(device.hub.c.o)
 .data          0x000000000000094c        0x0 ../libraries//libcsud.a(hcd.designware20.c.o)
 .data          0x000000000000094c       0x64 ../libraries//libcsud.a(hcd.designware20.roothub.c.o)
                0x000000000000094c                DeviceDescriptor
                0x0000000000000960                ConfigurationDescriptor
                0x000000000000097c                String0
                0x0000000000000980                String1
                0x00000000000009a4                HubDescriptor
 .data          0x00000000000009b0        0x0 ../libraries//libcsud.a(platform.armv6.c.o)
 .data          0x00000000000009b0        0x0 ../libraries//libcsud.a(platform.broadcom2835.c.o)
 *.c.o(*)
 .text          0x00000000000009b0     0x1000 ../libraries//libcsud.a(device.keyboard.c.o)
                0x00000000000009b0                KeyboardDetached
                0x0000000000000a2c                KeyboardDeallocate
                0x0000000000000aa4                KeyboardIndex
                0x0000000000000afc                KeyboardGetAddress
                0x0000000000000b44                KeyboardScan
                0x0000000000001210                KeyboardCount
                0x0000000000001220                KeyboardSetLeds
                0x000000000000143c                KeyboardGetLedSupport
                0x0000000000001488                KeyboardPoll
                0x00000000000017cc                KeyboardGetModifiers
                0x0000000000001818                KeyboardGetKeyDownCount
                0x000000000000187c                KeyboadGetKeyIsDown
                0x0000000000001934                KeyboardGetKeyDown
 .bss           0x00000000000019b0       0x14 ../libraries//libcsud.a(device.keyboard.c.o)
                0x00000000000019b0                keyboardAddresses
                0x00000000000019c0                keyboardCount
 .comment       0x00000000000019c4       0x11 ../libraries//libcsud.a(device.keyboard.c.o)
                                         0x12 (size before relaxing)
 .ARM.attributes
                0x00000000000019d5       0x32 ../libraries//libcsud.a(device.keyboard.c.o)
 *fill*         0x0000000000001a07        0x1 
 COMMON         0x0000000000001a08       0x10 ../libraries//libcsud.a(device.keyboard.c.o)
                0x0000000000001a08                keyboards
 .text          0x0000000000001a18      0x5c0 ../libraries//libcsud.a(platform.c.o)
                0x0000000000001a18                MemoryReserve
                0x0000000000001a20                MemoryAllocate
                0x0000000000001e70                MemoryDeallocate
                0x0000000000001f88                MemoryCopy
 .bss           0x0000000000001fd8        0x8 ../libraries//libcsud.a(platform.c.o)
                0x0000000000001fd8                FirstFreeAllocation
                0x0000000000001fdc                allocated
 .comment       0x0000000000001fe0       0x12 ../libraries//libcsud.a(platform.c.o)
 .ARM.attributes
                0x0000000000001fe0       0x32 ../libraries//libcsud.a(platform.c.o)
 *fill*         0x0000000000002012        0x6 
 COMMON         0x0000000000002018     0x4c00 ../libraries//libcsud.a(platform.c.o)
                0x0000000000002018                Heap
                0x0000000000006018                Allocations
 .text          0x0000000000006c18     0x10e8 ../libraries//libcsud.a(usbd.c.o)
                0x0000000000006c18                UsbGetRootHub
                0x0000000000006c28                UsbPrintDeviceTree
                0x0000000000006cf4                UsbControlMessage
                0x0000000000006dec                UsbGetDescriptor
                0x0000000000006ed8                UsbGetString
                0x0000000000006f44                UsbReadStringLang
                0x0000000000006fc8                UsbReadString
                0x00000000000070c8                UsbReadDeviceDescriptor
                0x0000000000007208                UsbSetAddress
                0x00000000000072e8                UsbSetConfiguration
                0x00000000000073bc                UsbConfigure
                0x000000000000758c                UsbGetDescription
                0x000000000000783c                UsbScanDevice
                0x0000000000007a64                UsbAllocateDevice
                0x0000000000007b20                UsbDeallocateDevice
                0x0000000000007c38                UsbScanRootHub
                0x0000000000007c88                UsbInitialise
                0x0000000000007ce4                UsbCheckForChange
 .bss           0x0000000000007d00        0x4 ../libraries//libcsud.a(usbd.c.o)
                0x0000000000007d00                RootHub
 .rodata        0x0000000000007d04      0x248 ../libraries//libcsud.a(usbd.c.o)
 .rodata.str1.4
                0x0000000000007f4c       0x10 ../libraries//libcsud.a(usbd.c.o)
 .comment       0x0000000000007f5c       0x12 ../libraries//libcsud.a(usbd.c.o)
 .ARM.attributes
                0x0000000000007f5c       0x32 ../libraries//libcsud.a(usbd.c.o)
 *fill*         0x0000000000007f8e        0x2 
 COMMON         0x0000000000007f90        0x4 ../libraries//libcsud.a(usbd.c.o)
                0x0000000000007f90                DeviceNumbers
 .text          0x0000000000007f94     0x1b24 ../libraries//libcsud.a(device.hid.c.o)
                0x0000000000007f94                HidEnumerateActionCountField
                0x00000000000080bc                HidDetached
                0x00000000000080f8                HidEnumerateActionAddField
                0x0000000000008900                HidDeallocate
                0x0000000000008a54                HidEnumerateActionCountReport
                0x0000000000008b0c                HidGetReport
                0x0000000000008bc8                HidSetReport
                0x0000000000008c78                BitSet
                0x0000000000008da4                BitGetUnsigned
                0x0000000000008eac                BitGetSigned
                0x0000000000008ed8                HidReadDevice
                0x00000000000090d4                HidWriteDevice
                0x0000000000009280                HidSetProtocol
                0x0000000000009330                HidEnumerateReport
                0x0000000000009488                HidParseReportDescriptor
                0x00000000000097b8                HidScan
                0x0000000000009aa8                HidGetFieldValue
 .bss           0x0000000000009ab8        0x0 ../libraries//libcsud.a(device.hid.c.o)
 .comment       0x0000000000009ab8       0x12 ../libraries//libcsud.a(device.hid.c.o)
 .ARM.attributes
                0x0000000000009ab8       0x32 ../libraries//libcsud.a(device.hid.c.o)
 *fill*         0x0000000000009aea        0x2 
 .text          0x0000000000009aec      0xd34 ../libraries//libcsud.a(device.hub.c.o)
                0x0000000000009aec                HubDetached
                0x0000000000009b8c                HubDeallocate
                0x0000000000009c68                HubReadDescriptor
                0x0000000000009d60                HubGetStatus
                0x0000000000009e38                HubPortGetStatus
                0x0000000000009f18                HubChangeFeature
                0x0000000000009fcc                HubChangePortFeature
                0x000000000000a088                HubPowerOn
                0x000000000000a130                HubPortReset
                0x000000000000a204                HubPortConnectionChanged
                0x000000000000a40c                HubCheckConnection
                0x000000000000a540                HubRecursiveCheck
                0x000000000000a608                HubScan
 .bss           0x000000000000a820        0x0 ../libraries//libcsud.a(device.hub.c.o)
 .comment       0x000000000000a820       0x12 ../libraries//libcsud.a(device.hub.c.o)
 .ARM.attributes
                0x000000000000a820       0x32 ../libraries//libcsud.a(device.hub.c.o)
 *fill*         0x000000000000a852        0x2 
 .text          0x000000000000a854     0x160c ../libraries//libcsud.a(hcd.designware20.c.o)
                0x000000000000a854                WriteThroughRegMask
                0x000000000000a8e8                WriteThroughReg
                0x000000000000a8f0                ReadBackReg
                0x000000000000a994                ClearReg
                0x000000000000a9fc                SetReg
                0x000000000000aa98                HcdReset
                0x000000000000ab48                HcdTransmitFifoFlush
                0x000000000000abdc                HcdReceiveFifoFlush
                0x000000000000ac54                HcdPrepareChannel
                0x000000000000af6c                HcdTransmitChannel
                0x000000000000b018                HcdChannelInterruptToError
                0x000000000000b0f4                HcdChannelSendWaitOne
                0x000000000000b3b0                HcdChannelSendWait
                0x000000000000b4c8                HcdSumbitControlMessage
                0x000000000000b710                HcdInitialise
                0x000000000000b8a4                HcdStart
                0x000000000000be00                HcdStop
                0x000000000000be24                HcdDeinitialise
 .bss           0x000000000000be60       0x14 ../libraries//libcsud.a(hcd.designware20.c.o)
                0x000000000000be60                Core
                0x000000000000be64                Host
                0x000000000000be68                Power
                0x000000000000be6c                databuffer
                0x000000000000be70                PhyInitialised
 .comment       0x000000000000be74       0x12 ../libraries//libcsud.a(hcd.designware20.c.o)
 .ARM.attributes
                0x000000000000be74       0x32 ../libraries//libcsud.a(hcd.designware20.c.o)
 *fill*         0x000000000000bea6        0x2 
 COMMON         0x000000000000bea8        0xc ../libraries//libcsud.a(hcd.designware20.c.o)
                0x000000000000bea8                CorePhysical
                0x000000000000beac                HostPhysical
                0x000000000000beb0                PowerPhysical
 .text          0x000000000000beb4      0x6f0 ../libraries//libcsud.a(hcd.designware20.roothub.c.o)
                0x000000000000beb4                HcdProcessRootHubMessage
 .bss           0x000000000000c5a4        0x4 ../libraries//libcsud.a(hcd.designware20.roothub.c.o)
                0x000000000000c5a4                RootHubDeviceNumber
 .comment       0x000000000000c5a8       0x12 ../libraries//libcsud.a(hcd.designware20.roothub.c.o)
 .ARM.attributes
                0x000000000000c5a8       0x32 ../libraries//libcsud.a(hcd.designware20.roothub.c.o)
 *fill*         0x000000000000c5da        0x2 
 .text          0x000000000000c5dc      0x16c ../libraries//libcsud.a(platform.armv6.c.o)
                0x000000000000c5dc                __aeabi_uidivmod
                0x000000000000c710                __aeabi_uidiv
 .bss           0x000000000000c748        0x0 ../libraries//libcsud.a(platform.armv6.c.o)
 .comment       0x000000000000c748       0x12 ../libraries//libcsud.a(platform.armv6.c.o)
 .ARM.attributes
                0x000000000000c748       0x32 ../libraries//libcsud.a(platform.armv6.c.o)
 *fill*         0x000000000000c77a        0x2 
 .text          0x000000000000c77c      0x11c ../libraries//libcsud.a(platform.broadcom2835.c.o)
                0x000000000000c77c                MicroDelay
                0x000000000000c7ec                PowerOnUsb
 .bss           0x000000000000c898        0x0 ../libraries//libcsud.a(platform.broadcom2835.c.o)
 .comment       0x000000000000c898       0x12 ../libraries//libcsud.a(platform.broadcom2835.c.o)
 .ARM.attributes
                0x000000000000c898       0x32 ../libraries//libcsud.a(platform.broadcom2835.c.o)

.text           0x000000000000c8cc      0x824
 *.c.o(.text)
 *(.text)
 .text          0x000000000000c8cc       0x70 build/mailbox.o
                0x000000000000c8cc                getMailBoxBaseAddress
                0x000000000000c8d4                mailboxWrite
                0x000000000000c900                mailboxRead
 .text          0x000000000000c93c       0x6c build/framebuffer.o
                0x000000000000c93c                frameBufferInit
 .text          0x000000000000c9a8       0x4c build/systemTimer.o
                0x000000000000c9a8                GetTimerBase
                0x000000000000c9b0                GetTimeStamp
                0x000000000000c9c0                delayMicro
                0x000000000000c9e4                delayCycles
 .text          0x000000000000c9f4      0x488 build/drawing.o
                0x000000000000c9f4                setGraphicsAddress
                0x000000000000ca00                setForeColour
                0x000000000000ca14                drawPixel
                0x000000000000ca58                drawLine
                0x000000000000cad4                drawCharacter
                0x000000000000cb48                printString
                0x000000000000cbc0                drawCircle
                0x000000000000ccd8                drawRectangle
                0x000000000000cd44                drawFilledCircle
                0x000000000000ce2c                FullScreenToForeColour
 .text          0x000000000000ce7c       0x70 build/tag.o
                0x000000000000ce7c                FindTag
 .text          0x000000000000ceec       0x80 build/gpio.o
                0x000000000000ceec                GetGpioAddress
                0x000000000000cef4                SetGpioFunction
                0x000000000000cf2c                SetGpio
 .text          0x000000000000cf6c        0x0 build/cStartup.o
 .text          0x000000000000cf6c      0x138 build/keyboard.o
                0x000000000000cf6c                keyboardInit
                0x000000000000cfe4                KeyWasDown
                0x000000000000d014                KeyboardGetChar
 .text          0x000000000000d0a4       0x4c build/main.o

/DISCARD/
 *(*)
OUTPUT(build/output.elf elf32-littlearm)
