Archive member included to satisfy reference by file (symbol)

../libraries//libcsud.a(device.keyboard.c.o)
                              build/keyboard.o (KeyboardGetAddress)
../libraries//libcsud.a(platform.c.o)
                              ../libraries//libcsud.a(device.keyboard.c.o) (MemoryAllocate)
../libraries//libcsud.a(usbd.c.o)
                              build/keyboard.o (UsbCheckForChange)
../libraries//libcsud.a(device.hid.c.o)
                              ../libraries//libcsud.a(device.keyboard.c.o) (HidReadDevice)
../libraries//libcsud.a(device.hub.c.o)
                              ../libraries//libcsud.a(usbd.c.o) (HubPortReset)
../libraries//libcsud.a(hcd.designware20.c.o)
                              ../libraries//libcsud.a(usbd.c.o) (HcdSumbitControlMessage)
../libraries//libcsud.a(hcd.designware20.roothub.c.o)
                              ../libraries//libcsud.a(hcd.designware20.c.o) (HcdProcessRootHubMessage)
../libraries//libcsud.a(platform.armv6.c.o)
                              ../libraries//libcsud.a(hcd.designware20.c.o) (__aeabi_uidiv)
../libraries//libcsud.a(platform.broadcom2835.c.o)
                              ../libraries//libcsud.a(usbd.c.o) (MicroDelay)

Allocating common symbols
Common symbol       size              file

CorePhysical        0x4               ../libraries//libcsud.a(hcd.designware20.c.o)
DeviceNumbers       0x4               ../libraries//libcsud.a(usbd.c.o)
HostPhysical        0x4               ../libraries//libcsud.a(hcd.designware20.c.o)
keyboards           0x10              ../libraries//libcsud.a(device.keyboard.c.o)
PowerPhysical       0x4               ../libraries//libcsud.a(hcd.designware20.c.o)
Heap                0x4000            ../libraries//libcsud.a(platform.c.o)
Allocations         0xc00             ../libraries//libcsud.a(platform.c.o)

Discarded input sections

 .bss           0x0000000000000000        0x0 build/mailbox.o
 .ARM.attributes
                0x0000000000000000       0x1f build/mailbox.o
 .bss           0x0000000000000000        0x0 build/framebuffer.o
 .ARM.attributes
                0x0000000000000000       0x1f build/framebuffer.o
 .bss           0x0000000000000000        0x0 build/systemTimer.o
 .ARM.attributes
                0x0000000000000000       0x1f build/systemTimer.o
 .bss           0x0000000000000000        0x0 build/drawing.o
 .ARM.attributes
                0x0000000000000000       0x1f build/drawing.o
 .bss           0x0000000000000000        0x0 build/tag.o
 .ARM.attributes
                0x0000000000000000       0x1f build/tag.o
 .bss           0x0000000000000000        0x0 build/gpio.o
 .ARM.attributes
                0x0000000000000000       0x1f build/gpio.o
 .bss           0x0000000000000000        0x0 build/cStartup.o
 .text.startup  0x0000000000000000       0xf0 build/cStartup.o
 .ARM.attributes
                0x0000000000000000       0x1f build/cStartup.o
 .bss           0x0000000000000000        0x0 build/keyboard.o
 .ARM.attributes
                0x0000000000000000       0x1f build/keyboard.o
 .bss           0x0000000000000000        0x0 build/main.o
 .ARM.attributes
                0x0000000000000000       0x12 build/main.o

Memory Configuration

Name             Origin             Length             Attributes
*default*        0x0000000000000000 0xffffffffffffffff

Linker script and memory map

LOAD build/mailbox.o
LOAD build/framebuffer.o
LOAD build/systemTimer.o
LOAD build/drawing.o
LOAD build/tag.o
LOAD build/gpio.o
LOAD build/cStartup.o
LOAD build/keyboard.o
LOAD build/main.o
LOAD ../libraries//libcsud.a

.init           0x0000000000008000        0x4
 *(.init)
 .init          0x0000000000008000        0x4 build/main.o

.data           0x0000000000008010     0xc8ca
 *(.data)
 .data          0x0000000000008010        0x0 build/mailbox.o
 .data          0x0000000000008010       0x28 build/framebuffer.o
                0x0000000000008010                frameBufferData
 .data          0x0000000000008038        0x0 build/systemTimer.o
 *fill*         0x0000000000008038        0x8 
 .data          0x0000000000008040      0x810 build/drawing.o
 .data          0x0000000000008850       0x24 build/tag.o
 .data          0x0000000000008874        0x0 build/gpio.o
 .data          0x0000000000008874        0x0 build/cStartup.o
 *fill*         0x0000000000008874        0x4 
 .data          0x0000000000008878       0xe0 build/keyboard.o
                0x0000000000008878                keyboardAddress
                0x000000000000887c                keyboardOldDown
 .data          0x0000000000008958        0x0 build/main.o
 .data          0x0000000000008958        0x0 ../libraries//libcsud.a(device.keyboard.c.o)
 .data          0x0000000000008958        0x4 ../libraries//libcsud.a(platform.c.o)
                0x0000000000008958                FirstAllocation
 .data          0x000000000000895c        0x0 ../libraries//libcsud.a(usbd.c.o)
 .data          0x000000000000895c        0x0 ../libraries//libcsud.a(device.hid.c.o)
 .data          0x000000000000895c        0x0 ../libraries//libcsud.a(device.hub.c.o)
 .data          0x000000000000895c        0x0 ../libraries//libcsud.a(hcd.designware20.c.o)
 .data          0x000000000000895c       0x64 ../libraries//libcsud.a(hcd.designware20.roothub.c.o)
                0x000000000000895c                DeviceDescriptor
                0x0000000000008970                ConfigurationDescriptor
                0x000000000000898c                String0
                0x0000000000008990                String1
                0x00000000000089b4                HubDescriptor
 .data          0x00000000000089c0        0x0 ../libraries//libcsud.a(platform.armv6.c.o)
 .data          0x00000000000089c0        0x0 ../libraries//libcsud.a(platform.broadcom2835.c.o)
 *.c.o(*)
 .text          0x00000000000089c0     0x1000 ../libraries//libcsud.a(device.keyboard.c.o)
                0x00000000000089c0                KeyboardDetached
                0x0000000000008a3c                KeyboardDeallocate
                0x0000000000008ab4                KeyboardIndex
                0x0000000000008b0c                KeyboardGetAddress
                0x0000000000008b54                KeyboardScan
                0x0000000000009220                KeyboardCount
                0x0000000000009230                KeyboardSetLeds
                0x000000000000944c                KeyboardGetLedSupport
                0x0000000000009498                KeyboardPoll
                0x00000000000097dc                KeyboardGetModifiers
                0x0000000000009828                KeyboardGetKeyDownCount
                0x000000000000988c                KeyboadGetKeyIsDown
                0x0000000000009944                KeyboardGetKeyDown
 .bss           0x00000000000099c0       0x14 ../libraries//libcsud.a(device.keyboard.c.o)
                0x00000000000099c0                keyboardAddresses
                0x00000000000099d0                keyboardCount
 .comment       0x00000000000099d4       0x11 ../libraries//libcsud.a(device.keyboard.c.o)
                                         0x12 (size before relaxing)
 .ARM.attributes
                0x00000000000099e5       0x32 ../libraries//libcsud.a(device.keyboard.c.o)
 *fill*         0x0000000000009a17        0x1 
 COMMON         0x0000000000009a18       0x10 ../libraries//libcsud.a(device.keyboard.c.o)
                0x0000000000009a18                keyboards
 .text          0x0000000000009a28      0x5c0 ../libraries//libcsud.a(platform.c.o)
                0x0000000000009a28                MemoryReserve
                0x0000000000009a30                MemoryAllocate
                0x0000000000009e80                MemoryDeallocate
                0x0000000000009f98                MemoryCopy
 .bss           0x0000000000009fe8        0x8 ../libraries//libcsud.a(platform.c.o)
                0x0000000000009fe8                FirstFreeAllocation
                0x0000000000009fec                allocated
 .comment       0x0000000000009ff0       0x12 ../libraries//libcsud.a(platform.c.o)
 .ARM.attributes
                0x0000000000009ff0       0x32 ../libraries//libcsud.a(platform.c.o)
 *fill*         0x000000000000a022        0x6 
 COMMON         0x000000000000a028     0x4c00 ../libraries//libcsud.a(platform.c.o)
                0x000000000000a028                Heap
                0x000000000000e028                Allocations
 .text          0x000000000000ec28     0x10e8 ../libraries//libcsud.a(usbd.c.o)
                0x000000000000ec28                UsbGetRootHub
                0x000000000000ec38                UsbPrintDeviceTree
                0x000000000000ed04                UsbControlMessage
                0x000000000000edfc                UsbGetDescriptor
                0x000000000000eee8                UsbGetString
                0x000000000000ef54                UsbReadStringLang
                0x000000000000efd8                UsbReadString
                0x000000000000f0d8                UsbReadDeviceDescriptor
                0x000000000000f218                UsbSetAddress
                0x000000000000f2f8                UsbSetConfiguration
                0x000000000000f3cc                UsbConfigure
                0x000000000000f59c                UsbGetDescription
                0x000000000000f84c                UsbScanDevice
                0x000000000000fa74                UsbAllocateDevice
                0x000000000000fb30                UsbDeallocateDevice
                0x000000000000fc48                UsbScanRootHub
                0x000000000000fc98                UsbInitialise
                0x000000000000fcf4                UsbCheckForChange
 .bss           0x000000000000fd10        0x4 ../libraries//libcsud.a(usbd.c.o)
                0x000000000000fd10                RootHub
 .rodata        0x000000000000fd14      0x248 ../libraries//libcsud.a(usbd.c.o)
 .rodata.str1.4
                0x000000000000ff5c       0x10 ../libraries//libcsud.a(usbd.c.o)
 .comment       0x000000000000ff6c       0x12 ../libraries//libcsud.a(usbd.c.o)
 .ARM.attributes
                0x000000000000ff6c       0x32 ../libraries//libcsud.a(usbd.c.o)
 *fill*         0x000000000000ff9e        0x2 
 COMMON         0x000000000000ffa0        0x4 ../libraries//libcsud.a(usbd.c.o)
                0x000000000000ffa0                DeviceNumbers
 .text          0x000000000000ffa4     0x1b24 ../libraries//libcsud.a(device.hid.c.o)
                0x000000000000ffa4                HidEnumerateActionCountField
                0x00000000000100cc                HidDetached
                0x0000000000010108                HidEnumerateActionAddField
                0x0000000000010910                HidDeallocate
                0x0000000000010a64                HidEnumerateActionCountReport
                0x0000000000010b1c                HidGetReport
                0x0000000000010bd8                HidSetReport
                0x0000000000010c88                BitSet
                0x0000000000010db4                BitGetUnsigned
                0x0000000000010ebc                BitGetSigned
                0x0000000000010ee8                HidReadDevice
                0x00000000000110e4                HidWriteDevice
                0x0000000000011290                HidSetProtocol
                0x0000000000011340                HidEnumerateReport
                0x0000000000011498                HidParseReportDescriptor
                0x00000000000117c8                HidScan
                0x0000000000011ab8                HidGetFieldValue
 .bss           0x0000000000011ac8        0x0 ../libraries//libcsud.a(device.hid.c.o)
 .comment       0x0000000000011ac8       0x12 ../libraries//libcsud.a(device.hid.c.o)
 .ARM.attributes
                0x0000000000011ac8       0x32 ../libraries//libcsud.a(device.hid.c.o)
 *fill*         0x0000000000011afa        0x2 
 .text          0x0000000000011afc      0xd34 ../libraries//libcsud.a(device.hub.c.o)
                0x0000000000011afc                HubDetached
                0x0000000000011b9c                HubDeallocate
                0x0000000000011c78                HubReadDescriptor
                0x0000000000011d70                HubGetStatus
                0x0000000000011e48                HubPortGetStatus
                0x0000000000011f28                HubChangeFeature
                0x0000000000011fdc                HubChangePortFeature
                0x0000000000012098                HubPowerOn
                0x0000000000012140                HubPortReset
                0x0000000000012214                HubPortConnectionChanged
                0x000000000001241c                HubCheckConnection
                0x0000000000012550                HubRecursiveCheck
                0x0000000000012618                HubScan
 .bss           0x0000000000012830        0x0 ../libraries//libcsud.a(device.hub.c.o)
 .comment       0x0000000000012830       0x12 ../libraries//libcsud.a(device.hub.c.o)
 .ARM.attributes
                0x0000000000012830       0x32 ../libraries//libcsud.a(device.hub.c.o)
 *fill*         0x0000000000012862        0x2 
 .text          0x0000000000012864     0x160c ../libraries//libcsud.a(hcd.designware20.c.o)
                0x0000000000012864                WriteThroughRegMask
                0x00000000000128f8                WriteThroughReg
                0x0000000000012900                ReadBackReg
                0x00000000000129a4                ClearReg
                0x0000000000012a0c                SetReg
                0x0000000000012aa8                HcdReset
                0x0000000000012b58                HcdTransmitFifoFlush
                0x0000000000012bec                HcdReceiveFifoFlush
                0x0000000000012c64                HcdPrepareChannel
                0x0000000000012f7c                HcdTransmitChannel
                0x0000000000013028                HcdChannelInterruptToError
                0x0000000000013104                HcdChannelSendWaitOne
                0x00000000000133c0                HcdChannelSendWait
                0x00000000000134d8                HcdSumbitControlMessage
                0x0000000000013720                HcdInitialise
                0x00000000000138b4                HcdStart
                0x0000000000013e10                HcdStop
                0x0000000000013e34                HcdDeinitialise
 .bss           0x0000000000013e70       0x14 ../libraries//libcsud.a(hcd.designware20.c.o)
                0x0000000000013e70                Core
                0x0000000000013e74                Host
                0x0000000000013e78                Power
                0x0000000000013e7c                databuffer
                0x0000000000013e80                PhyInitialised
 .comment       0x0000000000013e84       0x12 ../libraries//libcsud.a(hcd.designware20.c.o)
 .ARM.attributes
                0x0000000000013e84       0x32 ../libraries//libcsud.a(hcd.designware20.c.o)
 *fill*         0x0000000000013eb6        0x2 
 COMMON         0x0000000000013eb8        0xc ../libraries//libcsud.a(hcd.designware20.c.o)
                0x0000000000013eb8                CorePhysical
                0x0000000000013ebc                HostPhysical
                0x0000000000013ec0                PowerPhysical
 .text          0x0000000000013ec4      0x6f0 ../libraries//libcsud.a(hcd.designware20.roothub.c.o)
                0x0000000000013ec4                HcdProcessRootHubMessage
 .bss           0x00000000000145b4        0x4 ../libraries//libcsud.a(hcd.designware20.roothub.c.o)
                0x00000000000145b4                RootHubDeviceNumber
 .comment       0x00000000000145b8       0x12 ../libraries//libcsud.a(hcd.designware20.roothub.c.o)
 .ARM.attributes
                0x00000000000145b8       0x32 ../libraries//libcsud.a(hcd.designware20.roothub.c.o)
 *fill*         0x00000000000145ea        0x2 
 .text          0x00000000000145ec      0x16c ../libraries//libcsud.a(platform.armv6.c.o)
                0x00000000000145ec                __aeabi_uidivmod
                0x0000000000014720                __aeabi_uidiv
 .bss           0x0000000000014758        0x0 ../libraries//libcsud.a(platform.armv6.c.o)
 .comment       0x0000000000014758       0x12 ../libraries//libcsud.a(platform.armv6.c.o)
 .ARM.attributes
                0x0000000000014758       0x32 ../libraries//libcsud.a(platform.armv6.c.o)
 *fill*         0x000000000001478a        0x2 
 .text          0x000000000001478c      0x11c ../libraries//libcsud.a(platform.broadcom2835.c.o)
                0x000000000001478c                MicroDelay
                0x00000000000147fc                PowerOnUsb
 .bss           0x00000000000148a8        0x0 ../libraries//libcsud.a(platform.broadcom2835.c.o)
 .comment       0x00000000000148a8       0x12 ../libraries//libcsud.a(platform.broadcom2835.c.o)
 .ARM.attributes
                0x00000000000148a8       0x32 ../libraries//libcsud.a(platform.broadcom2835.c.o)

.text           0x00000000000148dc      0x8cc
 *.c.o(.text)
 *(.text)
 .text          0x00000000000148dc       0x70 build/mailbox.o
                0x00000000000148dc                getMailBoxBaseAddress
                0x00000000000148e4                mailboxWrite
                0x0000000000014910                mailboxRead
 .text          0x000000000001494c       0x6c build/framebuffer.o
                0x000000000001494c                frameBufferInit
 .text          0x00000000000149b8       0x4c build/systemTimer.o
                0x00000000000149b8                GetTimerBase
                0x00000000000149c0                GetTimeStamp
                0x00000000000149d0                delayMicro
                0x00000000000149f4                delayCycles
 .text          0x0000000000014a04      0x488 build/drawing.o
                0x0000000000014a04                setGraphicsAddress
                0x0000000000014a10                setForeColour
                0x0000000000014a24                drawPixel
                0x0000000000014a68                drawLine
                0x0000000000014ae4                drawCharacter
                0x0000000000014b58                printString
                0x0000000000014bd0                drawCircle
                0x0000000000014ce8                drawRectangle
                0x0000000000014d54                drawFilledCircle
                0x0000000000014e3c                FullScreenToForeColour
 .text          0x0000000000014e8c       0x70 build/tag.o
                0x0000000000014e8c                FindTag
 .text          0x0000000000014efc       0x80 build/gpio.o
                0x0000000000014efc                GetGpioAddress
                0x0000000000014f04                SetGpioFunction
                0x0000000000014f3c                SetGpio
 .text          0x0000000000014f7c        0x0 build/cStartup.o
 .text          0x0000000000014f7c      0x138 build/keyboard.o
                0x0000000000014f7c                keyboardInit
                0x0000000000014ff4                KeyWasDown
                0x0000000000015024                KeyboardGetChar
 .text          0x00000000000150b4       0xf4 build/main.o

/DISCARD/
 *(*)
OUTPUT(build/output.elf elf32-littlearm)
