
Discarded input sections

 .bss           0x0000000000000000        0x0 build/gpio.o
 .ARM.attributes
                0x0000000000000000       0x14 build/gpio.o
 .bss           0x0000000000000000        0x0 build/main.o
 .ARM.attributes
                0x0000000000000000       0x14 build/main.o

Memory Configuration

Name             Origin             Length             Attributes
*default*        0x0000000000000000 0xffffffffffffffff

Linker script and memory map

LOAD build/gpio.o
LOAD build/main.o

.init           0x0000000000008000        0x4
 *(.init)
 .init          0x0000000000008000        0x4 build/main.o
                0x0000000000008000                _start

.text           0x0000000000008004       0xcc
 *(.text)
 .text          0x0000000000008004       0x80 build/gpio.o
                0x0000000000008004                GetGpioAddress
                0x000000000000800c                SetGpioFunction
                0x0000000000008044                SetGpio
 .text          0x0000000000008084       0x4c build/main.o

.data           0x00000000000080d0        0x0
 *(.data)
 .data          0x00000000000080d0        0x0 build/gpio.o
 .data          0x00000000000080d0        0x0 build/main.o

/DISCARD/
 *(*)
OUTPUT(build/output.elf elf32-littlearm)
