
Discarded input sections

 .bss           0x0000000000000000        0x0 build/mailbox.o
 .ARM.attributes
                0x0000000000000000       0x14 build/mailbox.o
 .bss           0x0000000000000000        0x0 build/framebuffer.o
 .ARM.attributes
                0x0000000000000000       0x14 build/framebuffer.o
 .bss           0x0000000000000000        0x0 build/systemTimer.o
 .ARM.attributes
                0x0000000000000000       0x14 build/systemTimer.o
 .bss           0x0000000000000000        0x0 build/drawing.o
 .ARM.attributes
                0x0000000000000000       0x14 build/drawing.o
 .bss           0x0000000000000000        0x0 build/tag.o
 .ARM.attributes
                0x0000000000000000       0x14 build/tag.o
 .bss           0x0000000000000000        0x0 build/gpio.o
 .ARM.attributes
                0x0000000000000000       0x14 build/gpio.o

Memory Configuration

Name             Origin             Length             Attributes
*default*        0x0000000000000000 0xffffffffffffffff

Linker script and memory map

LOAD build/mailbox.o
LOAD build/framebuffer.o
LOAD build/systemTimer.o
LOAD build/drawing.o
LOAD build/tag.o
LOAD build/gpio.o

.init
 *(.init)

.data           0x0000000000000000      0x864
 *(.data)
 .data          0x0000000000000000        0x0 build/mailbox.o
 .data          0x0000000000000000       0x28 build/framebuffer.o
                0x0000000000000000                frameBufferData
 .data          0x0000000000000028        0x0 build/systemTimer.o
 *fill*         0x0000000000000028        0x8 
 .data          0x0000000000000030      0x810 build/drawing.o
 .data          0x0000000000000840       0x24 build/tag.o
 .data          0x0000000000000864        0x0 build/gpio.o

.text           0x0000000000000864      0x500
 *(.text)
 .text          0x0000000000000864       0x70 build/mailbox.o
                0x0000000000000864                getMailBoxBaseAddress
                0x000000000000086c                mailboxWrite
                0x0000000000000898                mailboxRead
 .text          0x00000000000008d4       0x6c build/framebuffer.o
                0x00000000000008d4                frameBufferInit
 .text          0x0000000000000940       0x40 build/systemTimer.o
                0x0000000000000940                GetTimerBase
                0x0000000000000948                GetTimeStamp
                0x0000000000000958                delayMicro
 .text          0x0000000000000980      0x2f4 build/drawing.o
                0x0000000000000980                setGraphicsAddress
                0x000000000000098c                setForeColour
                0x00000000000009a0                drawPixel
                0x00000000000009e4                drawLine
                0x0000000000000a60                drawCharacter
                0x0000000000000ad4                printString
                0x0000000000000b4c                drawCircle
 .text          0x0000000000000c74       0x70 build/tag.o
                0x0000000000000c74                FindTag
 .text          0x0000000000000ce4       0x80 build/gpio.o
                0x0000000000000ce4                GetGpioAddress
                0x0000000000000cec                SetGpioFunction
                0x0000000000000d24                SetGpio

/DISCARD/
 *(*)
OUTPUT(build/output.elf elf32-littlearm)
