Archive member included to satisfy reference by file (symbol)

../libraries//libcsud.a(device.keyboard.c.o)
                              build/keyboard.o (KeyboardGetAddress)
../libraries//libcsud.a(platform.c.o)
                              ../libraries//libcsud.a(device.keyboard.c.o) (MemoryAllocate)
../libraries//libcsud.a(usbd.c.o)
                              build/main.o (UsbInitialise)
../libraries//libcsud.a(device.hid.c.o)
                              ../libraries//libcsud.a(device.keyboard.c.o) (HidReadDevice)
../libraries//libcsud.a(device.hub.c.o)
                              ../libraries//libcsud.a(usbd.c.o) (HubPortReset)
../libraries//libcsud.a(hcd.designware20.c.o)
                              ../libraries//libcsud.a(usbd.c.o) (HcdSumbitControlMessage)
../libraries//libcsud.a(hcd.designware20.roothub.c.o)
                              ../libraries//libcsud.a(hcd.designware20.c.o) (HcdProcessRootHubMessage)
../libraries//libcsud.a(platform.armv6.c.o)
                              ../libraries//libcsud.a(hcd.designware20.c.o) (__aeabi_uidiv)
../libraries//libcsud.a(platform.broadcom2835.c.o)
                              ../libraries//libcsud.a(usbd.c.o) (MicroDelay)

Allocating common symbols
Common symbol       size              file

CorePhysical        0x4               ../libraries//libcsud.a(hcd.designware20.c.o)
DeviceNumbers       0x4               ../libraries//libcsud.a(usbd.c.o)
HostPhysical        0x4               ../libraries//libcsud.a(hcd.designware20.c.o)
keyboards           0x10              ../libraries//libcsud.a(device.keyboard.c.o)
PowerPhysical       0x4               ../libraries//libcsud.a(hcd.designware20.c.o)
Heap                0x4000            ../libraries//libcsud.a(platform.c.o)
Allocations         0xc00             ../libraries//libcsud.a(platform.c.o)

Discarded input sections

 .bss           0x0000000000000000        0x0 build/mailbox.o
 .ARM.attributes
                0x0000000000000000       0x14 build/mailbox.o
 .bss           0x0000000000000000        0x0 build/framebuffer.o
 .ARM.attributes
                0x0000000000000000       0x14 build/framebuffer.o
 .bss           0x0000000000000000        0x0 build/systemTimer.o
 .ARM.attributes
                0x0000000000000000       0x14 build/systemTimer.o
 .bss           0x0000000000000000        0x0 build/drawing.o
 .ARM.attributes
                0x0000000000000000       0x14 build/drawing.o
 .bss           0x0000000000000000        0x0 build/tag.o
 .ARM.attributes
                0x0000000000000000       0x14 build/tag.o
 .bss           0x0000000000000000        0x0 build/gpio.o
 .ARM.attributes
                0x0000000000000000       0x14 build/gpio.o
 .bss           0x0000000000000000        0x0 build/keyboard.o
 .ARM.attributes
                0x0000000000000000       0x14 build/keyboard.o
 .bss           0x0000000000000000        0x0 build/main.o
 .ARM.attributes
                0x0000000000000000       0x14 build/main.o

Memory Configuration

Name             Origin             Length             Attributes
*default*        0x0000000000000000 0xffffffffffffffff

Linker script and memory map

LOAD build/mailbox.o
LOAD build/framebuffer.o
LOAD build/systemTimer.o
LOAD build/drawing.o
LOAD build/tag.o
LOAD build/gpio.o
LOAD build/keyboard.o
LOAD build/main.o
LOAD ../libraries//libcsud.a

.init           0x0000000000008000        0x4
 *(.init)
 .init          0x0000000000008000        0x4 build/main.o
                0x0000000000008000                _start

.data           0x0000000000008010     0xc8fa
 *(.data)
 .data          0x0000000000008010        0x0 build/mailbox.o
 .data          0x0000000000008010       0x28 build/framebuffer.o
                0x0000000000008010                frameBufferData
 .data          0x0000000000008038        0x0 build/systemTimer.o
 *fill*         0x0000000000008038        0x8 
 .data          0x0000000000008040      0x810 build/drawing.o
 .data          0x0000000000008850       0x24 build/tag.o
 .data          0x0000000000008874        0x0 build/gpio.o
 *fill*         0x0000000000008874        0x4 
 .data          0x0000000000008878       0xe0 build/keyboard.o
                0x0000000000008878                keyboardAddress
                0x000000000000887c                keyboardOldDown
 .data          0x0000000000008958       0x2e build/main.o
 .data          0x0000000000008986        0x0 ../libraries//libcsud.a(device.keyboard.c.o)
 *fill*         0x0000000000008986        0x2 
 .data          0x0000000000008988        0x4 ../libraries//libcsud.a(platform.c.o)
                0x0000000000008988                FirstAllocation
 .data          0x000000000000898c        0x0 ../libraries//libcsud.a(usbd.c.o)
 .data          0x000000000000898c        0x0 ../libraries//libcsud.a(device.hid.c.o)
 .data          0x000000000000898c        0x0 ../libraries//libcsud.a(device.hub.c.o)
 .data          0x000000000000898c        0x0 ../libraries//libcsud.a(hcd.designware20.c.o)
 .data          0x000000000000898c       0x64 ../libraries//libcsud.a(hcd.designware20.roothub.c.o)
                0x000000000000898c                DeviceDescriptor
                0x00000000000089a0                ConfigurationDescriptor
                0x00000000000089bc                String0
                0x00000000000089c0                String1
                0x00000000000089e4                HubDescriptor
 .data          0x00000000000089f0        0x0 ../libraries//libcsud.a(platform.armv6.c.o)
 .data          0x00000000000089f0        0x0 ../libraries//libcsud.a(platform.broadcom2835.c.o)
 *.c.o(*)
 .text          0x00000000000089f0     0x1000 ../libraries//libcsud.a(device.keyboard.c.o)
                0x00000000000089f0                KeyboardDetached
                0x0000000000008a6c                KeyboardDeallocate
                0x0000000000008ae4                KeyboardIndex
                0x0000000000008b3c                KeyboardGetAddress
                0x0000000000008b84                KeyboardScan
                0x0000000000009250                KeyboardCount
                0x0000000000009260                KeyboardSetLeds
                0x000000000000947c                KeyboardGetLedSupport
                0x00000000000094c8                KeyboardPoll
                0x000000000000980c                KeyboardGetModifiers
                0x0000000000009858                KeyboardGetKeyDownCount
                0x00000000000098bc                KeyboadGetKeyIsDown
                0x0000000000009974                KeyboardGetKeyDown
 .bss           0x00000000000099f0       0x14 ../libraries//libcsud.a(device.keyboard.c.o)
                0x00000000000099f0                keyboardAddresses
                0x0000000000009a00                keyboardCount
 .comment       0x0000000000009a04       0x11 ../libraries//libcsud.a(device.keyboard.c.o)
                                         0x12 (size before relaxing)
 .ARM.attributes
                0x0000000000009a15       0x32 ../libraries//libcsud.a(device.keyboard.c.o)
 *fill*         0x0000000000009a47        0x1 
 COMMON         0x0000000000009a48       0x10 ../libraries//libcsud.a(device.keyboard.c.o)
                0x0000000000009a48                keyboards
 .text          0x0000000000009a58      0x5c0 ../libraries//libcsud.a(platform.c.o)
                0x0000000000009a58                MemoryReserve
                0x0000000000009a60                MemoryAllocate
                0x0000000000009eb0                MemoryDeallocate
                0x0000000000009fc8                MemoryCopy
 .bss           0x000000000000a018        0x8 ../libraries//libcsud.a(platform.c.o)
                0x000000000000a018                FirstFreeAllocation
                0x000000000000a01c                allocated
 .comment       0x000000000000a020       0x12 ../libraries//libcsud.a(platform.c.o)
 .ARM.attributes
                0x000000000000a020       0x32 ../libraries//libcsud.a(platform.c.o)
 *fill*         0x000000000000a052        0x6 
 COMMON         0x000000000000a058     0x4c00 ../libraries//libcsud.a(platform.c.o)
                0x000000000000a058                Heap
                0x000000000000e058                Allocations
 .text          0x000000000000ec58     0x10e8 ../libraries//libcsud.a(usbd.c.o)
                0x000000000000ec58                UsbGetRootHub
                0x000000000000ec68                UsbPrintDeviceTree
                0x000000000000ed34                UsbControlMessage
                0x000000000000ee2c                UsbGetDescriptor
                0x000000000000ef18                UsbGetString
                0x000000000000ef84                UsbReadStringLang
                0x000000000000f008                UsbReadString
                0x000000000000f108                UsbReadDeviceDescriptor
                0x000000000000f248                UsbSetAddress
                0x000000000000f328                UsbSetConfiguration
                0x000000000000f3fc                UsbConfigure
                0x000000000000f5cc                UsbGetDescription
                0x000000000000f87c                UsbScanDevice
                0x000000000000faa4                UsbAllocateDevice
                0x000000000000fb60                UsbDeallocateDevice
                0x000000000000fc78                UsbScanRootHub
                0x000000000000fcc8                UsbInitialise
                0x000000000000fd24                UsbCheckForChange
 .bss           0x000000000000fd40        0x4 ../libraries//libcsud.a(usbd.c.o)
                0x000000000000fd40                RootHub
 .rodata        0x000000000000fd44      0x248 ../libraries//libcsud.a(usbd.c.o)
 .rodata.str1.4
                0x000000000000ff8c       0x10 ../libraries//libcsud.a(usbd.c.o)
 .comment       0x000000000000ff9c       0x12 ../libraries//libcsud.a(usbd.c.o)
 .ARM.attributes
                0x000000000000ff9c       0x32 ../libraries//libcsud.a(usbd.c.o)
 *fill*         0x000000000000ffce        0x2 
 COMMON         0x000000000000ffd0        0x4 ../libraries//libcsud.a(usbd.c.o)
                0x000000000000ffd0                DeviceNumbers
 .text          0x000000000000ffd4     0x1b24 ../libraries//libcsud.a(device.hid.c.o)
                0x000000000000ffd4                HidEnumerateActionCountField
                0x00000000000100fc                HidDetached
                0x0000000000010138                HidEnumerateActionAddField
                0x0000000000010940                HidDeallocate
                0x0000000000010a94                HidEnumerateActionCountReport
                0x0000000000010b4c                HidGetReport
                0x0000000000010c08                HidSetReport
                0x0000000000010cb8                BitSet
                0x0000000000010de4                BitGetUnsigned
                0x0000000000010eec                BitGetSigned
                0x0000000000010f18                HidReadDevice
                0x0000000000011114                HidWriteDevice
                0x00000000000112c0                HidSetProtocol
                0x0000000000011370                HidEnumerateReport
                0x00000000000114c8                HidParseReportDescriptor
                0x00000000000117f8                HidScan
                0x0000000000011ae8                HidGetFieldValue
 .bss           0x0000000000011af8        0x0 ../libraries//libcsud.a(device.hid.c.o)
 .comment       0x0000000000011af8       0x12 ../libraries//libcsud.a(device.hid.c.o)
 .ARM.attributes
                0x0000000000011af8       0x32 ../libraries//libcsud.a(device.hid.c.o)
 *fill*         0x0000000000011b2a        0x2 
 .text          0x0000000000011b2c      0xd34 ../libraries//libcsud.a(device.hub.c.o)
                0x0000000000011b2c                HubDetached
                0x0000000000011bcc                HubDeallocate
                0x0000000000011ca8                HubReadDescriptor
                0x0000000000011da0                HubGetStatus
                0x0000000000011e78                HubPortGetStatus
                0x0000000000011f58                HubChangeFeature
                0x000000000001200c                HubChangePortFeature
                0x00000000000120c8                HubPowerOn
                0x0000000000012170                HubPortReset
                0x0000000000012244                HubPortConnectionChanged
                0x000000000001244c                HubCheckConnection
                0x0000000000012580                HubRecursiveCheck
                0x0000000000012648                HubScan
 .bss           0x0000000000012860        0x0 ../libraries//libcsud.a(device.hub.c.o)
 .comment       0x0000000000012860       0x12 ../libraries//libcsud.a(device.hub.c.o)
 .ARM.attributes
                0x0000000000012860       0x32 ../libraries//libcsud.a(device.hub.c.o)
 *fill*         0x0000000000012892        0x2 
 .text          0x0000000000012894     0x160c ../libraries//libcsud.a(hcd.designware20.c.o)
                0x0000000000012894                WriteThroughRegMask
                0x0000000000012928                WriteThroughReg
                0x0000000000012930                ReadBackReg
                0x00000000000129d4                ClearReg
                0x0000000000012a3c                SetReg
                0x0000000000012ad8                HcdReset
                0x0000000000012b88                HcdTransmitFifoFlush
                0x0000000000012c1c                HcdReceiveFifoFlush
                0x0000000000012c94                HcdPrepareChannel
                0x0000000000012fac                HcdTransmitChannel
                0x0000000000013058                HcdChannelInterruptToError
                0x0000000000013134                HcdChannelSendWaitOne
                0x00000000000133f0                HcdChannelSendWait
                0x0000000000013508                HcdSumbitControlMessage
                0x0000000000013750                HcdInitialise
                0x00000000000138e4                HcdStart
                0x0000000000013e40                HcdStop
                0x0000000000013e64                HcdDeinitialise
 .bss           0x0000000000013ea0       0x14 ../libraries//libcsud.a(hcd.designware20.c.o)
                0x0000000000013ea0                Core
                0x0000000000013ea4                Host
                0x0000000000013ea8                Power
                0x0000000000013eac                databuffer
                0x0000000000013eb0                PhyInitialised
 .comment       0x0000000000013eb4       0x12 ../libraries//libcsud.a(hcd.designware20.c.o)
 .ARM.attributes
                0x0000000000013eb4       0x32 ../libraries//libcsud.a(hcd.designware20.c.o)
 *fill*         0x0000000000013ee6        0x2 
 COMMON         0x0000000000013ee8        0xc ../libraries//libcsud.a(hcd.designware20.c.o)
                0x0000000000013ee8                CorePhysical
                0x0000000000013eec                HostPhysical
                0x0000000000013ef0                PowerPhysical
 .text          0x0000000000013ef4      0x6f0 ../libraries//libcsud.a(hcd.designware20.roothub.c.o)
                0x0000000000013ef4                HcdProcessRootHubMessage
 .bss           0x00000000000145e4        0x4 ../libraries//libcsud.a(hcd.designware20.roothub.c.o)
                0x00000000000145e4                RootHubDeviceNumber
 .comment       0x00000000000145e8       0x12 ../libraries//libcsud.a(hcd.designware20.roothub.c.o)
 .ARM.attributes
                0x00000000000145e8       0x32 ../libraries//libcsud.a(hcd.designware20.roothub.c.o)
 *fill*         0x000000000001461a        0x2 
 .text          0x000000000001461c      0x16c ../libraries//libcsud.a(platform.armv6.c.o)
                0x000000000001461c                __aeabi_uidivmod
                0x0000000000014750                __aeabi_uidiv
 .bss           0x0000000000014788        0x0 ../libraries//libcsud.a(platform.armv6.c.o)
 .comment       0x0000000000014788       0x12 ../libraries//libcsud.a(platform.armv6.c.o)
 .ARM.attributes
                0x0000000000014788       0x32 ../libraries//libcsud.a(platform.armv6.c.o)
 *fill*         0x00000000000147ba        0x2 
 .text          0x00000000000147bc      0x11c ../libraries//libcsud.a(platform.broadcom2835.c.o)
                0x00000000000147bc                MicroDelay
                0x000000000001482c                PowerOnUsb
 .bss           0x00000000000148d8        0x0 ../libraries//libcsud.a(platform.broadcom2835.c.o)
 .comment       0x00000000000148d8       0x12 ../libraries//libcsud.a(platform.broadcom2835.c.o)
 .ARM.attributes
                0x00000000000148d8       0x32 ../libraries//libcsud.a(platform.broadcom2835.c.o)

.text           0x000000000001490c      0xe68
 *.c.o(.text)
 *(.text)
 .text          0x000000000001490c       0x70 build/mailbox.o
                0x000000000001490c                getMailBoxBaseAddress
                0x0000000000014914                mailboxWrite
                0x0000000000014940                mailboxRead
 .text          0x000000000001497c       0x6c build/framebuffer.o
                0x000000000001497c                frameBufferInit
 .text          0x00000000000149e8       0x40 build/systemTimer.o
                0x00000000000149e8                GetTimerBase
                0x00000000000149f0                GetTimeStamp
                0x0000000000014a00                delayMicro
 .text          0x0000000000014a28      0x488 build/drawing.o
                0x0000000000014a28                setGraphicsAddress
                0x0000000000014a34                setForeColour
                0x0000000000014a48                drawPixel
                0x0000000000014a8c                drawLine
                0x0000000000014b08                drawCharacter
                0x0000000000014b7c                printString
                0x0000000000014bf4                drawCircle
                0x0000000000014d0c                drawRectangle
                0x0000000000014d78                drawFilledCircle
                0x0000000000014e60                FullScreenToForeColour
 .text          0x0000000000014eb0       0x70 build/tag.o
                0x0000000000014eb0                FindTag
 .text          0x0000000000014f20       0x80 build/gpio.o
                0x0000000000014f20                GetGpioAddress
                0x0000000000014f28                SetGpioFunction
                0x0000000000014f60                SetGpio
 .text          0x0000000000014fa0      0x138 build/keyboard.o
                0x0000000000014fa0                keyboardInit
                0x0000000000015018                KeyWasDown
                0x0000000000015048                KeyboardGetChar
 .text          0x00000000000150d8      0x69c build/main.o
                0x0000000000015634                checkInputs

/DISCARD/
 *(*)
OUTPUT(build/output.elf elf32-littlearm)
